components/trade/ItemVotePanel.tsx(71,24): error TS2339: Property 'id' does not exist on type 'never'.
components/trade/ItemVotePanel.tsx(74,30): error TS2339: Property 'id' does not exist on type 'never'.
components/trade/ItemVotePanel.tsx(78,26): error TS2339: Property 'id' does not exist on type 'never'.
components/trade/ItemVotePanel.tsx(79,28): error TS2339: Property 'item_name' does not exist on type 'never'.
components/trade/ItemVotePanel.tsx(80,31): error TS2339: Property 'upvotes' does not exist on type 'never'.
components/trade/ItemVotePanel.tsx(81,33): error TS2339: Property 'downvotes' does not exist on type 'never'.
components/trade/TradeDashboard.tsx(47,67): error TS2339: Property 'schedule_id' does not exist on type 'never'.
components/trade/TradeDashboard.tsx(50,27): error TS2339: Property 'id' does not exist on type 'never'.
components/trade/TradeDashboard.tsx(51,29): error TS2339: Property 'item_name' does not exist on type 'never'.
components/trade/TradeDashboard.tsx(52,32): error TS2339: Property 'upvotes' does not exist on type 'never'.
components/trade/TradeDashboard.tsx(53,34): error TS2339: Property 'downvotes' does not exist on type 'never'.
lib/supabaseClient.ts(52,6): error TS2769: No overload matches this call.
  Overload 1 of 2, '(values: never, options?: { count?: "exact" | "planned" | "estimated" | undefined; } | undefined): PostgrestFilterBuilder<{ PostgrestVersion: "12"; }, never, never, null, "trade_boosts", never, "POST">', gave the following error.
    Argument of type '{ port_name: string; category: string; start_time: string; }[]' is not assignable to parameter of type 'never'.
  Overload 2 of 2, '(values: never[], options?: { count?: "exact" | "planned" | "estimated" | undefined; defaultToNull?: boolean | undefined; } | undefined): PostgrestFilterBuilder<{ PostgrestVersion: "12"; }, never, never, null, "trade_boosts", never, "POST">', gave the following error.
    Type '{ port_name: string; category: string; start_time: string; }' is not assignable to type 'never'.
lib/supabaseClient.ts(78,6): error TS2769: No overload matches this call.
  Overload 1 of 2, '(values: never, options?: { count?: "exact" | "planned" | "estimated" | undefined; } | undefined): PostgrestFilterBuilder<{ PostgrestVersion: "12"; }, never, never, null, "trade_items", never, "POST">', gave the following error.
    Argument of type '{ schedule_id: string; item_name: string; upvotes: number; downvotes: number; }[]' is not assignable to parameter of type 'never'.
  Overload 2 of 2, '(values: never[], options?: { count?: "exact" | "planned" | "estimated" | undefined; defaultToNull?: boolean | undefined; } | undefined): PostgrestFilterBuilder<{ PostgrestVersion: "12"; }, never, never, null, "trade_items", never, "POST">', gave the following error.
    Type '{ schedule_id: string; item_name: string; upvotes: number; downvotes: number; }' is not assignable to type 'never'.
lib/supabaseClient.ts(101,27): error TS2339: Property 'upvotes' does not exist on type 'never'.
lib/supabaseClient.ts(102,29): error TS2339: Property 'downvotes' does not exist on type 'never'.
lib/supabaseClient.ts(106,13): error TS2345: Argument of type '{ upvotes: any; downvotes?: undefined; } | { downvotes: any; upvotes?: undefined; }' is not assignable to parameter of type 'never'.
  Type '{ upvotes: any; downvotes?: undefined; }' is not assignable to type 'never'.
